W0728 09:32:01.356000 18681 /private/tmp/m3d-resolve-venv/lib/python3.10/site-packages/torch/distributed/elastic/multiprocessing/redirects.py:29] NOTE: Redirects are currently not supported in Windows or MacOs.
2026-07-28 09:32:03 | INFO | rank=0 local=0 | Runtime initialized in isolated CPU smoke mode: host=Chungs-MacBook-Pro-2.local strategy=fsdp2 world_size=2 backend=gloo device=cpu seed=1729
2026-07-28 09:32:03 | INFO | rank=0 local=0 | Numerics: precision=bf16 TF32=False matmul_precision=highest deterministic=True
2026-07-28 09:32:03 | INFO | rank=0 local=0 | Task sampler initialized: {"committed_step": 0, "epoch": 0, "global_batch_size": 2, "local_batch_size": 1, "probabilities": [{"configured_weight": 1.0, "dataset_name": "m3d_caption_train", "dataset_size": 4, "probability": 0.5, "score": 2.0, "task": "caption", "temperature_alpha": 0.5}, {"configured_weight": 1.0, "dataset_name": "m3d_segmentation_train", "dataset_size": 4, "probability": 0.5, "score": 2.0, "task": "segmentation", "temperature_alpha": 0.5}], "remaining_steps": 2, "sampler_fingerprint": "7b774534e6c083f4c48afd3eac81a7918f33e0b0a6016f9194968a061db07f36", "schedule": {"counts": {"caption": 1, "segmentation": 1}, "epoch": 0, "fingerprint": "c12f7205bbdf6d293b4a42e85e1a076e9a1fcdcaf7f56168188c781d189eec39", "steps": 2}, "steps_per_epoch": 2, "temperature_alpha": 0.5, "world_size": 2}
2026-07-28 09:32:03 | INFO | rank=0 local=0 | Training DataLoader initialized: {"manifest_fingerprint": "3d2b4d749266de47030933d360e8e5a28fb5cc5b7e4db8ba4bee887305271982", "sampler": {"committed_step": 0, "epoch": 0, "global_batch_size": 2, "local_batch_size": 1, "probabilities": [{"configured_weight": 1.0, "dataset_name": "m3d_caption_train", "dataset_size": 4, "probability": 0.5, "score": 2.0, "task": "caption", "temperature_alpha": 0.5}, {"configured_weight": 1.0, "dataset_name": "m3d_segmentation_train", "dataset_size": 4, "probability": 0.5, "score": 2.0, "task": "segmentation", "temperature_alpha": 0.5}], "remaining_steps": 2, "sampler_fingerprint": "7b774534e6c083f4c48afd3eac81a7918f33e0b0a6016f9194968a061db07f36", "schedule": {"counts": {"caption": 1, "segmentation": 1}, "epoch": 0, "fingerprint": "c12f7205bbdf6d293b4a42e85e1a076e9a1fcdcaf7f56168188c781d189eec39", "steps": 2}, "steps_per_epoch": 2, "temperature_alpha": 0.5, "world_size": 2}, "split": "train", "tasks": ["caption", "segmentation"], "worker_settings": {"non_blocking_transfer": false, "num_workers": 0, "persistent_workers": false, "pin_memory": false, "prefetch_factor": null}}
2026-07-28 09:32:04 | INFO | rank=0 local=0 | Distributed model prepared: strategy=fsdp2 parameters=458624 trainable=435808 parameter_tensors=234 FSDP_groups=17
{
  "error": "FSDP expects uniform original parameter dtype but got {torch.float32, torch.bfloat16}",
  "error_type": "AssertionError",
  "local_rank": 0,
  "rank": 0,
  "status": "failed",
  "traceback": "Traceback (most recent call last):\n  File \"/Users/jiacheng/Documents/GitHub/M3D_MODERN/scripts/03_aspire2a_integration.py\", line 1518, in main\n    report = run_integration(options)\n  File \"/Users/jiacheng/Documents/GitHub/M3D_MODERN/scripts/03_aspire2a_integration.py\", line 1195, in run_integration\n    local_microbatches = _run_two_microbatches(\n  File \"/Users/jiacheng/Documents/GitHub/M3D_MODERN/scripts/03_aspire2a_integration.py\", line 935, in _run_two_microbatches\n    output = distributed_model.forward_batch(\n  File \"/Users/jiacheng/Documents/GitHub/M3D_MODERN/src/m3d/distributed.py\", line 795, in forward_batch\n    return self(\n  File \"/tmp/m3d-resolve-venv/lib/python3.10/site-packages/torch/nn/modules/module.py\", line 1739, in _wrapped_call_impl\n    return self._call_impl(*args, **kwargs)\n  File \"/tmp/m3d-resolve-venv/lib/python3.10/site-packages/torch/nn/modules/module.py\", line 1750, in _call_impl\n    return forward_call(*args, **kwargs)\n  File \"/Users/jiacheng/Documents/GitHub/M3D_MODERN/src/m3d/distributed.py\", line 762, in forward\n    wrapped_output = self.wrapped_model(*args, **kwargs)\n  File \"/tmp/m3d-resolve-venv/lib/python3.10/site-packages/torch/nn/modules/module.py\", line 1739, in _wrapped_call_impl\n    return self._call_impl(*args, **kwargs)\n  File \"/tmp/m3d-resolve-venv/lib/python3.10/site-packages/torch/nn/modules/module.py\", line 1845, in _call_impl\n    return inner()\n  File \"/tmp/m3d-resolve-venv/lib/python3.10/site-packages/torch/nn/modules/module.py\", line 1772, in inner\n    args_kwargs_result = hook(self, args, kwargs)  # type: ignore[misc]\n  File \"/tmp/m3d-resolve-venv/lib/python3.10/site-packages/torch/distributed/fsdp/_fully_shard/_fsdp_state.py\", line 71, in fsdp_hook_wrapper\n    return torch._dynamo.disable(func, recursive=True)(*args, **kwargs)\n  File \"/tmp/m3d-resolve-venv/lib/python3.10/site-packages/torch/_dynamo/eval_frame.py\", line 745, in _fn\n    return fn(*args, **kwargs)\n  File \"/tmp/m3d-resolve-venv/lib/python3.10/site-packages/torch/distributed/fsdp/_fully_shard/_fsdp_state.py\", line 231, in _pre_forward\n    args, kwargs = self._root_pre_forward(module, args, kwargs)\n  File \"/tmp/m3d-resolve-venv/lib/python3.10/site-packages/torch/distributed/fsdp/_fully_shard/_fsdp_state.py\", line 123, in _root_pre_forward\n    self._lazy_init()\n  File \"/tmp/m3d-resolve-venv/lib/python3.10/site-packages/torch/distributed/fsdp/_fully_shard/_fsdp_state.py\", line 187, in _lazy_init\n    state._fsdp_param_group.lazy_init()\n  File \"/tmp/m3d-resolve-venv/lib/python3.10/site-packages/torch/distributed/fsdp/_fully_shard/_fsdp_param_group.py\", line 243, in lazy_init\n    self._init_mp_dtypes()\n  File \"/tmp/m3d-resolve-venv/lib/python3.10/site-packages/torch/distributed/fsdp/_fully_shard/_fsdp_param_group.py\", line 213, in _init_mp_dtypes\n    raise AssertionError(\nAssertionError: FSDP expects uniform original parameter dtype but got {torch.float32, torch.bfloat16}\n"
}
{
  "error": "FSDP expects uniform original parameter dtype but got {torch.bfloat16, torch.float32}",
  "error_type": "AssertionError",
  "local_rank": 1,
  "rank": 1,
  "status": "failed",
  "traceback": "Traceback (most recent call last):\n  File \"/Users/jiacheng/Documents/GitHub/M3D_MODERN/scripts/03_aspire2a_integration.py\", line 1518, in main\n    report = run_integration(options)\n  File \"/Users/jiacheng/Documents/GitHub/M3D_MODERN/scripts/03_aspire2a_integration.py\", line 1195, in run_integration\n    local_microbatches = _run_two_microbatches(\n  File \"/Users/jiacheng/Documents/GitHub/M3D_MODERN/scripts/03_aspire2a_integration.py\", line 935, in _run_two_microbatches\n    output = distributed_model.forward_batch(\n  File \"/Users/jiacheng/Documents/GitHub/M3D_MODERN/src/m3d/distributed.py\", line 795, in forward_batch\n    return self(\n  File \"/tmp/m3d-resolve-venv/lib/python3.10/site-packages/torch/nn/modules/module.py\", line 1739, in _wrapped_call_impl\n    return self._call_impl(*args, **kwargs)\n  File \"/tmp/m3d-resolve-venv/lib/python3.10/site-packages/torch/nn/modules/module.py\", line 1750, in _call_impl\n    return forward_call(*args, **kwargs)\n  File \"/Users/jiacheng/Documents/GitHub/M3D_MODERN/src/m3d/distributed.py\", line 762, in forward\n    wrapped_output = self.wrapped_model(*args, **kwargs)\n  File \"/tmp/m3d-resolve-venv/lib/python3.10/site-packages/torch/nn/modules/module.py\", line 1739, in _wrapped_call_impl\n    return self._call_impl(*args, **kwargs)\n  File \"/tmp/m3d-resolve-venv/lib/python3.10/site-packages/torch/nn/modules/module.py\", line 1845, in _call_impl\n    return inner()\n  File \"/tmp/m3d-resolve-venv/lib/python3.10/site-packages/torch/nn/modules/module.py\", line 1772, in inner\n    args_kwargs_result = hook(self, args, kwargs)  # type: ignore[misc]\n  File \"/tmp/m3d-resolve-venv/lib/python3.10/site-packages/torch/distributed/fsdp/_fully_shard/_fsdp_state.py\", line 71, in fsdp_hook_wrapper\n    return torch._dynamo.disable(func, recursive=True)(*args, **kwargs)\n  File \"/tmp/m3d-resolve-venv/lib/python3.10/site-packages/torch/_dynamo/eval_frame.py\", line 745, in _fn\n    return fn(*args, **kwargs)\n  File \"/tmp/m3d-resolve-venv/lib/python3.10/site-packages/torch/distributed/fsdp/_fully_shard/_fsdp_state.py\", line 231, in _pre_forward\n    args, kwargs = self._root_pre_forward(module, args, kwargs)\n  File \"/tmp/m3d-resolve-venv/lib/python3.10/site-packages/torch/distributed/fsdp/_fully_shard/_fsdp_state.py\", line 123, in _root_pre_forward\n    self._lazy_init()\n  File \"/tmp/m3d-resolve-venv/lib/python3.10/site-packages/torch/distributed/fsdp/_fully_shard/_fsdp_state.py\", line 187, in _lazy_init\n    state._fsdp_param_group.lazy_init()\n  File \"/tmp/m3d-resolve-venv/lib/python3.10/site-packages/torch/distributed/fsdp/_fully_shard/_fsdp_param_group.py\", line 243, in lazy_init\n    self._init_mp_dtypes()\n  File \"/tmp/m3d-resolve-venv/lib/python3.10/site-packages/torch/distributed/fsdp/_fully_shard/_fsdp_param_group.py\", line 213, in _init_mp_dtypes\n    raise AssertionError(\nAssertionError: FSDP expects uniform original parameter dtype but got {torch.bfloat16, torch.float32}\n"
}
E0728 09:32:04.620000 18681 /private/tmp/m3d-resolve-venv/lib/python3.10/site-packages/torch/distributed/elastic/multiprocessing/api.py:869] failed (exitcode: 1) local_rank: 0 (pid: 18684) of binary: /tmp/m3d-resolve-venv/bin/python
Traceback (most recent call last):
  File "/Users/jiacheng/.pyenv/versions/3.10.15/lib/python3.10/runpy.py", line 196, in _run_module_as_main
    return _run_code(code, main_globals, None,
  File "/Users/jiacheng/.pyenv/versions/3.10.15/lib/python3.10/runpy.py", line 86, in _run_code
    exec(code, run_globals)
  File "/tmp/m3d-resolve-venv/lib/python3.10/site-packages/torch/distributed/run.py", line 922, in <module>
    main()
  File "/tmp/m3d-resolve-venv/lib/python3.10/site-packages/torch/distributed/elastic/multiprocessing/errors/__init__.py", line 355, in wrapper
    return f(*args, **kwargs)
  File "/tmp/m3d-resolve-venv/lib/python3.10/site-packages/torch/distributed/run.py", line 918, in main
    run(args)
  File "/tmp/m3d-resolve-venv/lib/python3.10/site-packages/torch/distributed/run.py", line 909, in run
    elastic_launch(
  File "/tmp/m3d-resolve-venv/lib/python3.10/site-packages/torch/distributed/launcher/api.py", line 138, in __call__
    return launch_agent(self._config, self._entrypoint, list(args))
  File "/tmp/m3d-resolve-venv/lib/python3.10/site-packages/torch/distributed/launcher/api.py", line 269, in launch_agent
    raise ChildFailedError(
torch.distributed.elastic.multiprocessing.errors.ChildFailedError: 
============================================================
/Users/jiacheng/Documents/GitHub/M3D_MODERN/scripts/03_aspire2a_integration.py FAILED
------------------------------------------------------------
Failures:
[1]:
  time      : 2026-07-28_09:32:04
  host      : 1.0.0.0.0.0.0.0.0.0.0.0.0.0.0.0.0.0.0.0.0.0.0.0.0.0.0.0.0.0.0.0.ip6.arpa
  rank      : 1 (local_rank: 1)
  exitcode  : 1 (pid: 18685)
  error_file: <N/A>
  traceback : To enable traceback see: https://pytorch.org/docs/stable/elastic/errors.html
------------------------------------------------------------
Root Cause (first observed failure):
[0]:
  time      : 2026-07-28_09:32:04
  host      : 1.0.0.0.0.0.0.0.0.0.0.0.0.0.0.0.0.0.0.0.0.0.0.0.0.0.0.0.0.0.0.0.ip6.arpa
  rank      : 0 (local_rank: 0)
  exitcode  : 1 (pid: 18684)
  error_file: <N/A>
  traceback : To enable traceback see: https://pytorch.org/docs/stable/elastic/errors.html
============================================================
