W0728 10:03:41.006000 21537 /private/tmp/m3d-resolve-venv/lib/python3.10/site-packages/torch/distributed/elastic/multiprocessing/redirects.py:29] NOTE: Redirects are currently not supported in Windows or MacOs.
2026-07-28 10:03:42 | INFO | rank=0 local=0 | Runtime initialized in isolated CPU smoke mode: host=Chungs-MacBook-Pro-2.local strategy=fsdp2 world_size=2 backend=gloo device=cpu seed=1729
2026-07-28 10:03:42 | INFO | rank=0 local=0 | Numerics: precision=bf16 TF32=False matmul_precision=highest deterministic=True
2026-07-28 10:03:42 | INFO | rank=0 local=0 | Starting M3D construction: experiment=m3d-local-e2e-fsdp2 config=/Users/jiacheng/Documents/GitHub/M3D_MODERN/outputs/local-distributed-e2e/20260728-100259/configs/fsdp2_training.yaml strategy=fsdp2
2026-07-28 10:03:42 | INFO | rank=0 local=0 | Task sampler initialized: {"committed_step": 0, "epoch": 0, "global_batch_size": 2, "local_batch_size": 1, "probabilities": [{"configured_weight": 1.0, "dataset_name": "m3d_caption_train", "dataset_size": 4, "probability": 0.5, "score": 2.0, "task": "caption", "temperature_alpha": 0.5}, {"configured_weight": 1.0, "dataset_name": "m3d_segmentation_train", "dataset_size": 4, "probability": 0.5, "score": 2.0, "task": "segmentation", "temperature_alpha": 0.5}], "remaining_steps": 2, "sampler_fingerprint": "7b774534e6c083f4c48afd3eac81a7918f33e0b0a6016f9194968a061db07f36", "schedule": {"counts": {"caption": 1, "segmentation": 1}, "epoch": 0, "fingerprint": "c12f7205bbdf6d293b4a42e85e1a076e9a1fcdcaf7f56168188c781d189eec39", "steps": 2}, "steps_per_epoch": 2, "temperature_alpha": 0.5, "world_size": 2}
2026-07-28 10:03:42 | INFO | rank=0 local=0 | Training DataLoader initialized: {"manifest_fingerprint": "3d2b4d749266de47030933d360e8e5a28fb5cc5b7e4db8ba4bee887305271982", "sampler": {"committed_step": 0, "epoch": 0, "global_batch_size": 2, "local_batch_size": 1, "probabilities": [{"configured_weight": 1.0, "dataset_name": "m3d_caption_train", "dataset_size": 4, "probability": 0.5, "score": 2.0, "task": "caption", "temperature_alpha": 0.5}, {"configured_weight": 1.0, "dataset_name": "m3d_segmentation_train", "dataset_size": 4, "probability": 0.5, "score": 2.0, "task": "segmentation", "temperature_alpha": 0.5}], "remaining_steps": 2, "sampler_fingerprint": "7b774534e6c083f4c48afd3eac81a7918f33e0b0a6016f9194968a061db07f36", "schedule": {"counts": {"caption": 1, "segmentation": 1}, "epoch": 0, "fingerprint": "c12f7205bbdf6d293b4a42e85e1a076e9a1fcdcaf7f56168188c781d189eec39", "steps": 2}, "steps_per_epoch": 2, "temperature_alpha": 0.5, "world_size": 2}, "split": "train", "tasks": ["caption", "segmentation"], "worker_settings": {"non_blocking_transfer": false, "num_workers": 0, "persistent_workers": false, "pin_memory": false, "prefetch_factor": null}}
2026-07-28 10:03:43 | INFO | rank=0 local=0 | Distributed model prepared: strategy=fsdp2 parameters=458624 trainable=435808 parameter_tensors=234 FSDP_groups=35
2026-07-28 10:03:43 | INFO | rank=0 local=0 | M3D startup validation complete: optimizer_steps=2 microbatches=2 visual_tokens=1
2026-07-28 10:03:43 | INFO | rank=0 local=0 | Exact checkpoint resume complete: {"checkpoint_path": "/Users/jiacheng/Documents/GitHub/M3D_MODERN/outputs/local-distributed-e2e/20260728-100259/fsdp2_training/checkpoint-step-00000002", "committed_microbatches": 2, "current_strategy": "fsdp2", "current_world_size": 2, "epoch": 0, "loaded_at_utc": "2026-07-28T02:03:43+00:00", "optimizer_step": 2, "restored_optimizer": true, "restored_rng_state": true, "restored_scheduler": true, "saved_strategy": "fsdp2", "saved_world_size": 2}
2026-07-28 10:03:43 | INFO | rank=0 local=0 | M3D trainer closed cleanly.
2026-07-28 10:03:43 | INFO | rank=0 local=0 | M3D training complete: optimizer_steps=2/2 elapsed=0.37s checkpoint=/Users/jiacheng/Documents/GitHub/M3D_MODERN/outputs/local-distributed-e2e/20260728-100259/fsdp2_training/checkpoint-step-00000002
{
  "output_dir": "/Users/jiacheng/Documents/GitHub/M3D_MODERN/outputs/local-distributed-e2e/20260728-100259/fsdp2_training",
  "startup_report": "/Users/jiacheng/Documents/GitHub/M3D_MODERN/outputs/local-distributed-e2e/20260728-100259/fsdp2_training/startup_report.json",
  "status": "training_complete",
  "training_result": {
    "completed_optimizer_steps": 2,
    "elapsed_seconds": 0.3721307920059189,
    "final_checkpoint": "/Users/jiacheng/Documents/GitHub/M3D_MODERN/outputs/local-distributed-e2e/20260728-100259/fsdp2_training/checkpoint-step-00000002",
    "final_committed_microbatches": 2,
    "final_epoch": 0,
    "finished_at_unix": 1785204223.817062,
    "resumed_from": "/Users/jiacheng/Documents/GitHub/M3D_MODERN/outputs/local-distributed-e2e/20260728-100259/fsdp2_training/checkpoint-step-00000002",
    "total_optimizer_steps": 2
  }
}
