W0728 09:21:25.246000 16997 /private/tmp/m3d-resolve-venv/lib/python3.10/site-packages/torch/distributed/elastic/multiprocessing/redirects.py:29] NOTE: Redirects are currently not supported in Windows or MacOs.
2026-07-28 09:21:27 | INFO | rank=0 local=0 | Runtime initialized in isolated CPU smoke mode: host=Chungs-MacBook-Pro-2.local strategy=ddp world_size=2 backend=gloo device=cpu seed=1729
2026-07-28 09:21:27 | INFO | rank=0 local=0 | Numerics: precision=bf16 TF32=False matmul_precision=highest deterministic=True
2026-07-28 09:21:27 | INFO | rank=0 local=0 | Task sampler initialized: {"committed_step": 0, "epoch": 0, "global_batch_size": 2, "local_batch_size": 1, "probabilities": [{"configured_weight": 1.0, "dataset_name": "m3d_caption_train", "dataset_size": 4, "probability": 0.5, "score": 2.0, "task": "caption", "temperature_alpha": 0.5}, {"configured_weight": 1.0, "dataset_name": "m3d_segmentation_train", "dataset_size": 4, "probability": 0.5, "score": 2.0, "task": "segmentation", "temperature_alpha": 0.5}], "remaining_steps": 2, "sampler_fingerprint": "7b774534e6c083f4c48afd3eac81a7918f33e0b0a6016f9194968a061db07f36", "schedule": {"counts": {"caption": 1, "segmentation": 1}, "epoch": 0, "fingerprint": "c12f7205bbdf6d293b4a42e85e1a076e9a1fcdcaf7f56168188c781d189eec39", "steps": 2}, "steps_per_epoch": 2, "temperature_alpha": 0.5, "world_size": 2}
2026-07-28 09:21:27 | INFO | rank=0 local=0 | Training DataLoader initialized: {"manifest_fingerprint": "3d2b4d749266de47030933d360e8e5a28fb5cc5b7e4db8ba4bee887305271982", "sampler": {"committed_step": 0, "epoch": 0, "global_batch_size": 2, "local_batch_size": 1, "probabilities": [{"configured_weight": 1.0, "dataset_name": "m3d_caption_train", "dataset_size": 4, "probability": 0.5, "score": 2.0, "task": "caption", "temperature_alpha": 0.5}, {"configured_weight": 1.0, "dataset_name": "m3d_segmentation_train", "dataset_size": 4, "probability": 0.5, "score": 2.0, "task": "segmentation", "temperature_alpha": 0.5}], "remaining_steps": 2, "sampler_fingerprint": "7b774534e6c083f4c48afd3eac81a7918f33e0b0a6016f9194968a061db07f36", "schedule": {"counts": {"caption": 1, "segmentation": 1}, "epoch": 0, "fingerprint": "c12f7205bbdf6d293b4a42e85e1a076e9a1fcdcaf7f56168188c781d189eec39", "steps": 2}, "steps_per_epoch": 2, "temperature_alpha": 0.5, "world_size": 2}, "split": "train", "tasks": ["caption", "segmentation"], "worker_settings": {"non_blocking_transfer": false, "num_workers": 0, "persistent_workers": false, "pin_memory": false, "prefetch_factor": null}}
2026-07-28 09:21:28 | INFO | rank=0 local=0 | Distributed model prepared: strategy=ddp parameters=458624 trainable=435808 parameter_tensors=234 FSDP_groups=0
/tmp/m3d-resolve-venv/lib/python3.10/site-packages/torch/autograd/graph.py:823: UserWarning: Grad strides do not match bucket view strides. This may indicate grad was not created according to the gradient layout contract, or that the param's strides changed since DDP was constructed.  This is not an error, but may impair performance.
grad.sizes() = [1, 1, 32], strides() = [288, 32, 1]
bucket_view.sizes() = [1, 1, 32], strides() = [32, 32, 1] (Triggered internally at /Users/runner/work/pytorch/pytorch/pytorch/torch/csrc/distributed/c10d/reducer.cpp:341.)
  return Variable._execution_engine.run_backward(  # Calls into the C++ engine to run the backward pass
/tmp/m3d-resolve-venv/lib/python3.10/site-packages/torch/autograd/graph.py:823: UserWarning: Grad strides do not match bucket view strides. This may indicate grad was not created according to the gradient layout contract, or that the param's strides changed since DDP was constructed.  This is not an error, but may impair performance.
grad.sizes() = [1, 1, 32], strides() = [288, 32, 1]
bucket_view.sizes() = [1, 1, 32], strides() = [32, 32, 1] (Triggered internally at /Users/runner/work/pytorch/pytorch/pytorch/torch/csrc/distributed/c10d/reducer.cpp:341.)
  return Variable._execution_engine.run_backward(  # Calls into the C++ engine to run the backward pass
{
  "error": "Expected to have finished reduction in the prior iteration before starting a new one. This error indicates that your module has parameters that were not used in producing loss. Since `find_unused_parameters=True` is enabled, this likely  means that not all `forward` outputs participate in computing loss. You can fix this by making sure all `forward` function outputs participate in calculating loss. \nIf you already have done the above, then the distributed data parallel module wasn't able to locate the output tensors in the return value of your module's `forward` function. Please include the loss function and the structure of the return value of `forward` of your module when reporting this issue (e.g. list, dict, iterable).\nParameter indices which did not receive grad for rank 1: 195 196 197 198 199 200\n In addition, you can set the environment variable TORCH_DISTRIBUTED_DEBUG to either INFO or DETAIL to print out information about which particular parameters did not receive gradient on this rank as part of this error",
  "error_type": "RuntimeError",
  "local_rank": 1,
  "rank": 1,
  "status": "failed",
  "traceback": "Traceback (most recent call last):\n  File \"/Users/jiacheng/Documents/GitHub/M3D_MODERN/scripts/03_aspire2a_integration.py\", line 1518, in main\n    report = run_integration(options)\n  File \"/Users/jiacheng/Documents/GitHub/M3D_MODERN/scripts/03_aspire2a_integration.py\", line 1195, in run_integration\n    local_microbatches = _run_two_microbatches(\n  File \"/Users/jiacheng/Documents/GitHub/M3D_MODERN/scripts/03_aspire2a_integration.py\", line 935, in _run_two_microbatches\n    output = distributed_model.forward_batch(\n  File \"/Users/jiacheng/Documents/GitHub/M3D_MODERN/src/m3d/distributed.py\", line 740, in forward_batch\n    return self(\n  File \"/tmp/m3d-resolve-venv/lib/python3.10/site-packages/torch/nn/modules/module.py\", line 1739, in _wrapped_call_impl\n    return self._call_impl(*args, **kwargs)\n  File \"/tmp/m3d-resolve-venv/lib/python3.10/site-packages/torch/nn/modules/module.py\", line 1750, in _call_impl\n    return forward_call(*args, **kwargs)\n  File \"/Users/jiacheng/Documents/GitHub/M3D_MODERN/src/m3d/distributed.py\", line 723, in forward\n    output = self.wrapped_model(*args, **kwargs)\n  File \"/tmp/m3d-resolve-venv/lib/python3.10/site-packages/torch/nn/modules/module.py\", line 1739, in _wrapped_call_impl\n    return self._call_impl(*args, **kwargs)\n  File \"/tmp/m3d-resolve-venv/lib/python3.10/site-packages/torch/nn/modules/module.py\", line 1750, in _call_impl\n    return forward_call(*args, **kwargs)\n  File \"/tmp/m3d-resolve-venv/lib/python3.10/site-packages/torch/nn/parallel/distributed.py\", line 1639, in forward\n    inputs, kwargs = self._pre_forward(*inputs, **kwargs)\n  File \"/tmp/m3d-resolve-venv/lib/python3.10/site-packages/torch/nn/parallel/distributed.py\", line 1528, in _pre_forward\n    if torch.is_grad_enabled() and self.reducer._rebuild_buckets():\nRuntimeError: Expected to have finished reduction in the prior iteration before starting a new one. This error indicates that your module has parameters that were not used in producing loss. Since `find_unused_parameters=True` is enabled, this likely  means that not all `forward` outputs participate in computing loss. You can fix this by making sure all `forward` function outputs participate in calculating loss. \nIf you already have done the above, then the distributed data parallel module wasn't able to locate the output tensors in the return value of your module's `forward` function. Please include the loss function and the structure of the return value of `forward` of your module when reporting this issue (e.g. list, dict, iterable).\nParameter indices which did not receive grad for rank 1: 195 196 197 198 199 200\n In addition, you can set the environment variable TORCH_DISTRIBUTED_DEBUG to either INFO or DETAIL to print out information about which particular parameters did not receive gradient on this rank as part of this error\n"
}
{
  "error": "Expected to have finished reduction in the prior iteration before starting a new one. This error indicates that your module has parameters that were not used in producing loss. Since `find_unused_parameters=True` is enabled, this likely  means that not all `forward` outputs participate in computing loss. You can fix this by making sure all `forward` function outputs participate in calculating loss. \nIf you already have done the above, then the distributed data parallel module wasn't able to locate the output tensors in the return value of your module's `forward` function. Please include the loss function and the structure of the return value of `forward` of your module when reporting this issue (e.g. list, dict, iterable).\nParameter indices which did not receive grad for rank 0: 195 196 197 198 199 200\n In addition, you can set the environment variable TORCH_DISTRIBUTED_DEBUG to either INFO or DETAIL to print out information about which particular parameters did not receive gradient on this rank as part of this error",
  "error_type": "RuntimeError",
  "local_rank": 0,
  "rank": 0,
  "status": "failed",
  "traceback": "Traceback (most recent call last):\n  File \"/Users/jiacheng/Documents/GitHub/M3D_MODERN/scripts/03_aspire2a_integration.py\", line 1518, in main\n    report = run_integration(options)\n  File \"/Users/jiacheng/Documents/GitHub/M3D_MODERN/scripts/03_aspire2a_integration.py\", line 1195, in run_integration\n    local_microbatches = _run_two_microbatches(\n  File \"/Users/jiacheng/Documents/GitHub/M3D_MODERN/scripts/03_aspire2a_integration.py\", line 935, in _run_two_microbatches\n    output = distributed_model.forward_batch(\n  File \"/Users/jiacheng/Documents/GitHub/M3D_MODERN/src/m3d/distributed.py\", line 740, in forward_batch\n    return self(\n  File \"/tmp/m3d-resolve-venv/lib/python3.10/site-packages/torch/nn/modules/module.py\", line 1739, in _wrapped_call_impl\n    return self._call_impl(*args, **kwargs)\n  File \"/tmp/m3d-resolve-venv/lib/python3.10/site-packages/torch/nn/modules/module.py\", line 1750, in _call_impl\n    return forward_call(*args, **kwargs)\n  File \"/Users/jiacheng/Documents/GitHub/M3D_MODERN/src/m3d/distributed.py\", line 723, in forward\n    output = self.wrapped_model(*args, **kwargs)\n  File \"/tmp/m3d-resolve-venv/lib/python3.10/site-packages/torch/nn/modules/module.py\", line 1739, in _wrapped_call_impl\n    return self._call_impl(*args, **kwargs)\n  File \"/tmp/m3d-resolve-venv/lib/python3.10/site-packages/torch/nn/modules/module.py\", line 1750, in _call_impl\n    return forward_call(*args, **kwargs)\n  File \"/tmp/m3d-resolve-venv/lib/python3.10/site-packages/torch/nn/parallel/distributed.py\", line 1639, in forward\n    inputs, kwargs = self._pre_forward(*inputs, **kwargs)\n  File \"/tmp/m3d-resolve-venv/lib/python3.10/site-packages/torch/nn/parallel/distributed.py\", line 1528, in _pre_forward\n    if torch.is_grad_enabled() and self.reducer._rebuild_buckets():\nRuntimeError: Expected to have finished reduction in the prior iteration before starting a new one. This error indicates that your module has parameters that were not used in producing loss. Since `find_unused_parameters=True` is enabled, this likely  means that not all `forward` outputs participate in computing loss. You can fix this by making sure all `forward` function outputs participate in calculating loss. \nIf you already have done the above, then the distributed data parallel module wasn't able to locate the output tensors in the return value of your module's `forward` function. Please include the loss function and the structure of the return value of `forward` of your module when reporting this issue (e.g. list, dict, iterable).\nParameter indices which did not receive grad for rank 0: 195 196 197 198 199 200\n In addition, you can set the environment variable TORCH_DISTRIBUTED_DEBUG to either INFO or DETAIL to print out information about which particular parameters did not receive gradient on this rank as part of this error\n"
}
E0728 09:21:28.822000 16997 /private/tmp/m3d-resolve-venv/lib/python3.10/site-packages/torch/distributed/elastic/multiprocessing/api.py:869] failed (exitcode: 1) local_rank: 0 (pid: 17008) of binary: /tmp/m3d-resolve-venv/bin/python
Traceback (most recent call last):
  File "/Users/jiacheng/.pyenv/versions/3.10.15/lib/python3.10/runpy.py", line 196, in _run_module_as_main
    return _run_code(code, main_globals, None,
  File "/Users/jiacheng/.pyenv/versions/3.10.15/lib/python3.10/runpy.py", line 86, in _run_code
    exec(code, run_globals)
  File "/tmp/m3d-resolve-venv/lib/python3.10/site-packages/torch/distributed/run.py", line 922, in <module>
    main()
  File "/tmp/m3d-resolve-venv/lib/python3.10/site-packages/torch/distributed/elastic/multiprocessing/errors/__init__.py", line 355, in wrapper
    return f(*args, **kwargs)
  File "/tmp/m3d-resolve-venv/lib/python3.10/site-packages/torch/distributed/run.py", line 918, in main
    run(args)
  File "/tmp/m3d-resolve-venv/lib/python3.10/site-packages/torch/distributed/run.py", line 909, in run
    elastic_launch(
  File "/tmp/m3d-resolve-venv/lib/python3.10/site-packages/torch/distributed/launcher/api.py", line 138, in __call__
    return launch_agent(self._config, self._entrypoint, list(args))
  File "/tmp/m3d-resolve-venv/lib/python3.10/site-packages/torch/distributed/launcher/api.py", line 269, in launch_agent
    raise ChildFailedError(
torch.distributed.elastic.multiprocessing.errors.ChildFailedError: 
============================================================
/Users/jiacheng/Documents/GitHub/M3D_MODERN/scripts/03_aspire2a_integration.py FAILED
------------------------------------------------------------
Failures:
[1]:
  time      : 2026-07-28_09:21:28
  host      : 1.0.0.0.0.0.0.0.0.0.0.0.0.0.0.0.0.0.0.0.0.0.0.0.0.0.0.0.0.0.0.0.ip6.arpa
  rank      : 1 (local_rank: 1)
  exitcode  : 1 (pid: 17009)
  error_file: <N/A>
  traceback : To enable traceback see: https://pytorch.org/docs/stable/elastic/errors.html
------------------------------------------------------------
Root Cause (first observed failure):
[0]:
  time      : 2026-07-28_09:21:28
  host      : 1.0.0.0.0.0.0.0.0.0.0.0.0.0.0.0.0.0.0.0.0.0.0.0.0.0.0.0.0.0.0.0.ip6.arpa
  rank      : 0 (local_rank: 0)
  exitcode  : 1 (pid: 17008)
  error_file: <N/A>
  traceback : To enable traceback see: https://pytorch.org/docs/stable/elastic/errors.html
============================================================
