2026-07-28 09:32:03 | INFO | rank=1 local=1 | Runtime initialized in isolated CPU smoke mode: host=Chungs-MacBook-Pro-2.local strategy=fsdp2 world_size=2 backend=gloo device=cpu seed=1730
2026-07-28 09:32:03 | INFO | rank=1 local=1 | Numerics: precision=bf16 TF32=False matmul_precision=highest deterministic=True
2026-07-28 09:32:04 | INFO | rank=1 local=1 | Distributed model prepared: strategy=fsdp2 parameters=458624 trainable=435808 parameter_tensors=234 FSDP_groups=17
2026-07-28 09:39:47 | INFO | rank=1 local=1 | Runtime initialized in isolated CPU smoke mode: host=Chungs-MacBook-Pro-2.local strategy=fsdp2 world_size=2 backend=gloo device=cpu seed=1730
2026-07-28 09:39:47 | INFO | rank=1 local=1 | Numerics: precision=bf16 TF32=False matmul_precision=highest deterministic=True
2026-07-28 09:40:40 | INFO | rank=1 local=1 | Runtime initialized in isolated CPU smoke mode: host=Chungs-MacBook-Pro-2.local strategy=fsdp2 world_size=2 backend=gloo device=cpu seed=1730
2026-07-28 09:40:40 | INFO | rank=1 local=1 | Numerics: precision=bf16 TF32=False matmul_precision=highest deterministic=True
2026-07-28 09:40:42 | INFO | rank=1 local=1 | Distributed model prepared: strategy=fsdp2 parameters=458624 trainable=435808 parameter_tensors=234 FSDP_groups=33
2026-07-28 09:41:56 | INFO | rank=1 local=1 | Runtime initialized in isolated CPU smoke mode: host=Chungs-MacBook-Pro-2.local strategy=fsdp2 world_size=2 backend=gloo device=cpu seed=1730
2026-07-28 09:41:56 | INFO | rank=1 local=1 | Numerics: precision=bf16 TF32=False matmul_precision=highest deterministic=True
2026-07-28 09:41:57 | INFO | rank=1 local=1 | Distributed model prepared: strategy=fsdp2 parameters=458624 trainable=435808 parameter_tensors=234 FSDP_groups=33
2026-07-28 09:43:21 | INFO | rank=1 local=1 | Runtime initialized in isolated CPU smoke mode: host=Chungs-MacBook-Pro-2.local strategy=fsdp2 world_size=2 backend=gloo device=cpu seed=1730
2026-07-28 09:43:21 | INFO | rank=1 local=1 | Numerics: precision=bf16 TF32=False matmul_precision=highest deterministic=True
2026-07-28 09:43:23 | INFO | rank=1 local=1 | Distributed model prepared: strategy=fsdp2 parameters=458624 trainable=435808 parameter_tensors=234 FSDP_groups=35
2026-07-28 09:44:01 | INFO | rank=1 local=1 | Runtime initialized in isolated CPU smoke mode: host=Chungs-MacBook-Pro-2.local strategy=fsdp2 world_size=2 backend=gloo device=cpu seed=1730
2026-07-28 09:44:01 | INFO | rank=1 local=1 | Numerics: precision=bf16 TF32=False matmul_precision=highest deterministic=True
2026-07-28 09:44:02 | INFO | rank=1 local=1 | Distributed model prepared: strategy=fsdp2 parameters=458624 trainable=435808 parameter_tensors=234 FSDP_groups=35
2026-07-28 09:44:18 | INFO | rank=1 local=1 | Runtime initialized in isolated CPU smoke mode: host=Chungs-MacBook-Pro-2.local strategy=fsdp2 world_size=2 backend=gloo device=cpu seed=1730
2026-07-28 09:44:18 | INFO | rank=1 local=1 | Numerics: precision=bf16 TF32=False matmul_precision=highest deterministic=True
2026-07-28 09:44:19 | INFO | rank=1 local=1 | Distributed model prepared: strategy=fsdp2 parameters=458624 trainable=435808 parameter_tensors=234 FSDP_groups=35
2026-07-28 09:45:23 | INFO | rank=1 local=1 | Runtime initialized in isolated CPU smoke mode: host=Chungs-MacBook-Pro-2.local strategy=fsdp2 world_size=2 backend=gloo device=cpu seed=1730
2026-07-28 09:45:23 | INFO | rank=1 local=1 | Numerics: precision=bf16 TF32=False matmul_precision=highest deterministic=True
2026-07-28 09:45:24 | INFO | rank=1 local=1 | Distributed model prepared: strategy=fsdp2 parameters=458624 trainable=435808 parameter_tensors=234 FSDP_groups=35
2026-07-28 09:45:56 | INFO | rank=1 local=1 | Runtime initialized in isolated CPU smoke mode: host=Chungs-MacBook-Pro-2.local strategy=fsdp2 world_size=2 backend=gloo device=cpu seed=1730
2026-07-28 09:45:56 | INFO | rank=1 local=1 | Numerics: precision=bf16 TF32=False matmul_precision=highest deterministic=True
2026-07-28 09:45:57 | INFO | rank=1 local=1 | Distributed model prepared: strategy=fsdp2 parameters=458624 trainable=435808 parameter_tensors=234 FSDP_groups=35
2026-07-28 09:46:35 | INFO | rank=1 local=1 | Runtime initialized in isolated CPU smoke mode: host=Chungs-MacBook-Pro-2.local strategy=fsdp2 world_size=2 backend=gloo device=cpu seed=1730
2026-07-28 09:46:35 | INFO | rank=1 local=1 | Numerics: precision=bf16 TF32=False matmul_precision=highest deterministic=True
2026-07-28 09:46:36 | INFO | rank=1 local=1 | Distributed model prepared: strategy=fsdp2 parameters=458624 trainable=435808 parameter_tensors=234 FSDP_groups=35
2026-07-28 09:47:21 | INFO | rank=1 local=1 | Runtime initialized in isolated CPU smoke mode: host=Chungs-MacBook-Pro-2.local strategy=fsdp2 world_size=2 backend=gloo device=cpu seed=1730
2026-07-28 09:47:21 | INFO | rank=1 local=1 | Numerics: precision=bf16 TF32=False matmul_precision=highest deterministic=True
2026-07-28 09:47:22 | INFO | rank=1 local=1 | Distributed model prepared: strategy=fsdp2 parameters=458624 trainable=435808 parameter_tensors=234 FSDP_groups=35
2026-07-28 09:50:19 | INFO | rank=1 local=1 | Runtime initialized in isolated CPU smoke mode: host=Chungs-MacBook-Pro-2.local strategy=fsdp2 world_size=2 backend=gloo device=cpu seed=1730
2026-07-28 09:50:19 | INFO | rank=1 local=1 | Numerics: precision=bf16 TF32=False matmul_precision=highest deterministic=True
2026-07-28 09:50:20 | INFO | rank=1 local=1 | Distributed model prepared: strategy=fsdp2 parameters=458624 trainable=435808 parameter_tensors=234 FSDP_groups=35
2026-07-28 09:51:49 | INFO | rank=1 local=1 | Runtime initialized in isolated CPU smoke mode: host=Chungs-MacBook-Pro-2.local strategy=fsdp2 world_size=2 backend=gloo device=cpu seed=1730
2026-07-28 09:51:49 | INFO | rank=1 local=1 | Numerics: precision=bf16 TF32=False matmul_precision=highest deterministic=True
2026-07-28 09:51:50 | INFO | rank=1 local=1 | Distributed model prepared: strategy=fsdp2 parameters=458624 trainable=435808 parameter_tensors=234 FSDP_groups=35
2026-07-28 09:52:54 | INFO | rank=1 local=1 | Runtime initialized in isolated CPU smoke mode: host=Chungs-MacBook-Pro-2.local strategy=fsdp2 world_size=2 backend=gloo device=cpu seed=1730
2026-07-28 09:52:54 | INFO | rank=1 local=1 | Numerics: precision=bf16 TF32=False matmul_precision=highest deterministic=True
2026-07-28 09:52:56 | INFO | rank=1 local=1 | Distributed model prepared: strategy=fsdp2 parameters=458624 trainable=435808 parameter_tensors=234 FSDP_groups=35
2026-07-28 09:53:31 | INFO | rank=1 local=1 | Runtime initialized in isolated CPU smoke mode: host=Chungs-MacBook-Pro-2.local strategy=fsdp2 world_size=2 backend=gloo device=cpu seed=1730
2026-07-28 09:53:31 | INFO | rank=1 local=1 | Numerics: precision=bf16 TF32=False matmul_precision=highest deterministic=True
2026-07-28 09:53:32 | INFO | rank=1 local=1 | Distributed model prepared: strategy=fsdp2 parameters=458624 trainable=435808 parameter_tensors=234 FSDP_groups=35
2026-07-28 09:54:19 | INFO | rank=1 local=1 | Runtime initialized in isolated CPU smoke mode: host=Chungs-MacBook-Pro-2.local strategy=fsdp2 world_size=2 backend=gloo device=cpu seed=1730
2026-07-28 09:54:19 | INFO | rank=1 local=1 | Numerics: precision=bf16 TF32=False matmul_precision=highest deterministic=True
2026-07-28 09:54:20 | INFO | rank=1 local=1 | Distributed model prepared: strategy=fsdp2 parameters=458624 trainable=435808 parameter_tensors=234 FSDP_groups=35
2026-07-28 09:56:58 | INFO | rank=1 local=1 | Runtime initialized in isolated CPU smoke mode: host=Chungs-MacBook-Pro-2.local strategy=fsdp2 world_size=2 backend=gloo device=cpu seed=1730
2026-07-28 09:56:58 | INFO | rank=1 local=1 | Numerics: precision=bf16 TF32=False matmul_precision=highest deterministic=True
2026-07-28 09:56:59 | INFO | rank=1 local=1 | Distributed model prepared: strategy=fsdp2 parameters=458624 trainable=435808 parameter_tensors=234 FSDP_groups=35
2026-07-28 09:57:00 | ERROR | rank=1 local=1 | Final distributed barrier failed
Traceback (most recent call last):
  File "/Users/jiacheng/Documents/GitHub/M3D_MODERN/src/m3d/runtime.py", line 698, in distributed_runtime
    yield context
  File "/Users/jiacheng/Documents/GitHub/M3D_MODERN/scripts/03_aspire2a_integration.py", line 1201, in run_integration
    local_microbatches = _run_two_microbatches(
  File "/Users/jiacheng/Documents/GitHub/M3D_MODERN/scripts/03_aspire2a_integration.py", line 955, in _run_two_microbatches
    _validate_gradient_contract(
  File "/Users/jiacheng/Documents/GitHub/M3D_MODERN/scripts/03_aspire2a_integration.py", line 842, in _validate_gradient_contract
    raise GradientContractError(
GradientContractError: Segmentation microbatch failed to train one or more SegVol components: {'segvol_prompt_encoder': {'trainable_parameter_tensors': 16, 'gradient_parameter_tensors': 1, 'finite_gradient_parameter_tensors': 1, 'nonzero_gradient_parameter_tensors': 0, 'local_gradient_elements': 0, 'local_nonzero_gradient_elements': 0, 'local_max_abs_gradient': 0.0, 'has_gradient': True, 'all_gradients_finite': True, 'has_nonzero_gradient': False}}.

During handling of the above exception, another exception occurred:

Traceback (most recent call last):
  File "/Users/jiacheng/Documents/GitHub/M3D_MODERN/src/m3d/runtime.py", line 284, in close
    dist.barrier()
  File "/tmp/m3d-resolve-venv/lib/python3.10/site-packages/torch/distributed/c10d_logger.py", line 81, in wrapper
    return func(*args, **kwargs)
  File "/tmp/m3d-resolve-venv/lib/python3.10/site-packages/torch/distributed/distributed_c10d.py", line 4551, in barrier
    work = group.barrier(opts=opts)
RuntimeError: Detected mismatch between collectives on ranks. Rank 1 is running collective: CollectiveFingerPrint(SequenceNumber=98OpType=BARRIER), but Rank 0 is running collective: CollectiveFingerPrint(SequenceNumber=0OpType=ALLGATHER_COALESCED).Collectives differ in the following aspects: 	 Sequence number: 98vs 0  Op type: BARRIERvs ALLGATHER_COALESCED
2026-07-28 09:58:29 | INFO | rank=1 local=1 | Runtime initialized in isolated CPU smoke mode: host=Chungs-MacBook-Pro-2.local strategy=fsdp2 world_size=2 backend=gloo device=cpu seed=1730
2026-07-28 09:58:29 | INFO | rank=1 local=1 | Numerics: precision=bf16 TF32=False matmul_precision=highest deterministic=True
2026-07-28 09:58:31 | INFO | rank=1 local=1 | Distributed model prepared: strategy=fsdp2 parameters=458624 trainable=435808 parameter_tensors=234 FSDP_groups=35
