W0728 09:20:38.709000 16626 /private/tmp/m3d-resolve-venv/lib/python3.10/site-packages/torch/distributed/elastic/multiprocessing/redirects.py:29] NOTE: Redirects are currently not supported in Windows or MacOs.
2026-07-28 09:20:40 | INFO | rank=0 local=0 | Runtime initialized in isolated CPU smoke mode: host=Chungs-MacBook-Pro-2.local strategy=ddp world_size=2 backend=gloo device=cpu seed=1729
2026-07-28 09:20:40 | INFO | rank=0 local=0 | Numerics: precision=bf16 TF32=False matmul_precision=highest deterministic=True
2026-07-28 09:20:40 | INFO | rank=0 local=0 | Task sampler initialized: {"committed_step": 0, "epoch": 0, "global_batch_size": 2, "local_batch_size": 1, "probabilities": [{"configured_weight": 1.0, "dataset_name": "m3d_caption_train", "dataset_size": 4, "probability": 0.5, "score": 2.0, "task": "caption", "temperature_alpha": 0.5}, {"configured_weight": 1.0, "dataset_name": "m3d_segmentation_train", "dataset_size": 4, "probability": 0.5, "score": 2.0, "task": "segmentation", "temperature_alpha": 0.5}], "remaining_steps": 2, "sampler_fingerprint": "7b774534e6c083f4c48afd3eac81a7918f33e0b0a6016f9194968a061db07f36", "schedule": {"counts": {"caption": 1, "segmentation": 1}, "epoch": 0, "fingerprint": "c12f7205bbdf6d293b4a42e85e1a076e9a1fcdcaf7f56168188c781d189eec39", "steps": 2}, "steps_per_epoch": 2, "temperature_alpha": 0.5, "world_size": 2}
2026-07-28 09:20:40 | INFO | rank=0 local=0 | Training DataLoader initialized: {"manifest_fingerprint": "3d2b4d749266de47030933d360e8e5a28fb5cc5b7e4db8ba4bee887305271982", "sampler": {"committed_step": 0, "epoch": 0, "global_batch_size": 2, "local_batch_size": 1, "probabilities": [{"configured_weight": 1.0, "dataset_name": "m3d_caption_train", "dataset_size": 4, "probability": 0.5, "score": 2.0, "task": "caption", "temperature_alpha": 0.5}, {"configured_weight": 1.0, "dataset_name": "m3d_segmentation_train", "dataset_size": 4, "probability": 0.5, "score": 2.0, "task": "segmentation", "temperature_alpha": 0.5}], "remaining_steps": 2, "sampler_fingerprint": "7b774534e6c083f4c48afd3eac81a7918f33e0b0a6016f9194968a061db07f36", "schedule": {"counts": {"caption": 1, "segmentation": 1}, "epoch": 0, "fingerprint": "c12f7205bbdf6d293b4a42e85e1a076e9a1fcdcaf7f56168188c781d189eec39", "steps": 2}, "steps_per_epoch": 2, "temperature_alpha": 0.5, "world_size": 2}, "split": "train", "tasks": ["caption", "segmentation"], "worker_settings": {"non_blocking_transfer": false, "num_workers": 0, "persistent_workers": false, "pin_memory": false, "prefetch_factor": null}}
2026-07-28 09:20:41 | INFO | rank=0 local=0 | Distributed model prepared: strategy=ddp parameters=458624 trainable=435808 parameter_tensors=234 FSDP_groups=0
{
  "error": "keys uses torch.float32, expected torch.bfloat16.",
  "error_type": "SegVolTransformerExecutionError",
  "local_rank": 0,
  "rank": 0,
  "status": "failed",
  "traceback": "Traceback (most recent call last):\n  File \"/Users/jiacheng/Documents/GitHub/M3D_MODERN/scripts/03_aspire2a_integration.py\", line 1518, in main\n    report = run_integration(options)\n  File \"/Users/jiacheng/Documents/GitHub/M3D_MODERN/scripts/03_aspire2a_integration.py\", line 1195, in run_integration\n    local_microbatches = _run_two_microbatches(\n  File \"/Users/jiacheng/Documents/GitHub/M3D_MODERN/scripts/03_aspire2a_integration.py\", line 935, in _run_two_microbatches\n    output = distributed_model.forward_batch(\n  File \"/Users/jiacheng/Documents/GitHub/M3D_MODERN/src/m3d/distributed.py\", line 740, in forward_batch\n    return self(\n  File \"/tmp/m3d-resolve-venv/lib/python3.10/site-packages/torch/nn/modules/module.py\", line 1739, in _wrapped_call_impl\n    return self._call_impl(*args, **kwargs)\n  File \"/tmp/m3d-resolve-venv/lib/python3.10/site-packages/torch/nn/modules/module.py\", line 1750, in _call_impl\n    return forward_call(*args, **kwargs)\n  File \"/Users/jiacheng/Documents/GitHub/M3D_MODERN/src/m3d/distributed.py\", line 723, in forward\n    output = self.wrapped_model(*args, **kwargs)\n  File \"/tmp/m3d-resolve-venv/lib/python3.10/site-packages/torch/nn/modules/module.py\", line 1739, in _wrapped_call_impl\n    return self._call_impl(*args, **kwargs)\n  File \"/tmp/m3d-resolve-venv/lib/python3.10/site-packages/torch/nn/modules/module.py\", line 1750, in _call_impl\n    return forward_call(*args, **kwargs)\n  File \"/tmp/m3d-resolve-venv/lib/python3.10/site-packages/torch/nn/parallel/distributed.py\", line 1643, in forward\n    else self._run_ddp_forward(*inputs, **kwargs)\n  File \"/tmp/m3d-resolve-venv/lib/python3.10/site-packages/torch/nn/parallel/distributed.py\", line 1459, in _run_ddp_forward\n    return self.module(*inputs, **kwargs)  # type: ignore[index]\n  File \"/tmp/m3d-resolve-venv/lib/python3.10/site-packages/torch/nn/modules/module.py\", line 1739, in _wrapped_call_impl\n    return self._call_impl(*args, **kwargs)\n  File \"/tmp/m3d-resolve-venv/lib/python3.10/site-packages/torch/nn/modules/module.py\", line 1750, in _call_impl\n    return forward_call(*args, **kwargs)\n  File \"/Users/jiacheng/Documents/GitHub/M3D_MODERN/src/m3d/model/m3d.py\", line 731, in forward\n    return self.forward_segmentation(\n  File \"/Users/jiacheng/Documents/GitHub/M3D_MODERN/src/m3d/model/m3d.py\", line 675, in forward_segmentation\n    segmentation_output = self.seg_module(\n  File \"/tmp/m3d-resolve-venv/lib/python3.10/site-packages/torch/nn/modules/module.py\", line 1739, in _wrapped_call_impl\n    return self._call_impl(*args, **kwargs)\n  File \"/tmp/m3d-resolve-venv/lib/python3.10/site-packages/torch/nn/modules/module.py\", line 1750, in _call_impl\n    return forward_call(*args, **kwargs)\n  File \"/Users/jiacheng/Documents/GitHub/M3D_MODERN/src/m3d/model/segvol.py\", line 583, in forward\n    return self.decode_embeddings(\n  File \"/Users/jiacheng/Documents/GitHub/M3D_MODERN/src/m3d/model/segvol.py\", line 450, in decode_embeddings\n    decoder_output = self.mask_decoder(\n  File \"/tmp/m3d-resolve-venv/lib/python3.10/site-packages/torch/nn/modules/module.py\", line 1739, in _wrapped_call_impl\n    return self._call_impl(*args, **kwargs)\n  File \"/tmp/m3d-resolve-venv/lib/python3.10/site-packages/torch/nn/modules/module.py\", line 1750, in _call_impl\n    return forward_call(*args, **kwargs)\n  File \"/Users/jiacheng/Documents/GitHub/M3D_MODERN/src/m3d/model/segvol_mask_decoder.py\", line 325, in forward\n    all_masks, all_iou_predictions, upscaled_shape = self.predict_masks(\n  File \"/Users/jiacheng/Documents/GitHub/M3D_MODERN/src/m3d/model/segvol_mask_decoder.py\", line 386, in predict_masks\n    hidden_states, source_tokens = self.transformer(\n  File \"/tmp/m3d-resolve-venv/lib/python3.10/site-packages/torch/nn/modules/module.py\", line 1739, in _wrapped_call_impl\n    return self._call_impl(*args, **kwargs)\n  File \"/tmp/m3d-resolve-venv/lib/python3.10/site-packages/torch/nn/modules/module.py\", line 1750, in _call_impl\n    return forward_call(*args, **kwargs)\n  File \"/Users/jiacheng/Documents/GitHub/M3D_MODERN/src/m3d/model/segvol_transformer.py\", line 369, in forward\n    queries, keys = layer(\n  File \"/tmp/m3d-resolve-venv/lib/python3.10/site-packages/torch/nn/modules/module.py\", line 1739, in _wrapped_call_impl\n    return self._call_impl(*args, **kwargs)\n  File \"/tmp/m3d-resolve-venv/lib/python3.10/site-packages/torch/nn/modules/module.py\", line 1750, in _call_impl\n    return forward_call(*args, **kwargs)\n  File \"/Users/jiacheng/Documents/GitHub/M3D_MODERN/src/m3d/model/segvol_transformer.py\", line 201, in forward\n    _validate_token_inputs(\n  File \"/Users/jiacheng/Documents/GitHub/M3D_MODERN/src/m3d/model/segvol_transformer.py\", line 599, in _validate_token_inputs\n    raise SegVolTransformerExecutionError(\nm3d.model.segvol_transformer.SegVolTransformerExecutionError: keys uses torch.float32, expected torch.bfloat16.\n"
}{
  "error": "keys uses torch.float32, expected torch.bfloat16.",
  "error_type": "SegVolTransformerExecutionError",
  "local_rank": 1,
  "rank": 1,
  "status": "failed",
  "traceback": "Traceback (most recent call last):\n  File \"/Users/jiacheng/Documents/GitHub/M3D_MODERN/scripts/03_aspire2a_integration.py\", line 1518, in main\n    report = run_integration(options)\n  File \"/Users/jiacheng/Documents/GitHub/M3D_MODERN/scripts/03_aspire2a_integration.py\", line 1195, in run_integration\n    local_microbatches = _run_two_microbatches(\n  File \"/Users/jiacheng/Documents/GitHub/M3D_MODERN/scripts/03_aspire2a_integration.py\", line 935, in _run_two_microbatches\n    output = distributed_model.forward_batch(\n  File \"/Users/jiacheng/Documents/GitHub/M3D_MODERN/src/m3d/distributed.py\", line 740, in forward_batch\n    return self(\n  File \"/tmp/m3d-resolve-venv/lib/python3.10/site-packages/torch/nn/modules/module.py\", line 1739, in _wrapped_call_impl\n    return self._call_impl(*args, **kwargs)\n  File \"/tmp/m3d-resolve-venv/lib/python3.10/site-packages/torch/nn/modules/module.py\", line 1750, in _call_impl\n    return forward_call(*args, **kwargs)\n  File \"/Users/jiacheng/Documents/GitHub/M3D_MODERN/src/m3d/distributed.py\", line 723, in forward\n    output = self.wrapped_model(*args, **kwargs)\n  File \"/tmp/m3d-resolve-venv/lib/python3.10/site-packages/torch/nn/modules/module.py\", line 1739, in _wrapped_call_impl\n    return self._call_impl(*args, **kwargs)\n  File \"/tmp/m3d-resolve-venv/lib/python3.10/site-packages/torch/nn/modules/module.py\", line 1750, in _call_impl\n    return forward_call(*args, **kwargs)\n  File \"/tmp/m3d-resolve-venv/lib/python3.10/site-packages/torch/nn/parallel/distributed.py\", line 1643, in forward\n    else self._run_ddp_forward(*inputs, **kwargs)\n  File \"/tmp/m3d-resolve-venv/lib/python3.10/site-packages/torch/nn/parallel/distributed.py\", line 1459, in _run_ddp_forward\n    return self.module(*inputs, **kwargs)  # type: ignore[index]\n  File \"/tmp/m3d-resolve-venv/lib/python3.10/site-packages/torch/nn/modules/module.py\", line 1739, in _wrapped_call_impl\n    return self._call_impl(*args, **kwargs)\n  File \"/tmp/m3d-resolve-venv/lib/python3.10/site-packages/torch/nn/modules/module.py\", line 1750, in _call_impl\n    return forward_call(*args, **kwargs)\n  File \"/Users/jiacheng/Documents/GitHub/M3D_MODERN/src/m3d/model/m3d.py\", line 731, in forward\n    return self.forward_segmentation(\n  File \"/Users/jiacheng/Documents/GitHub/M3D_MODERN/src/m3d/model/m3d.py\", line 675, in forward_segmentation\n    segmentation_output = self.seg_module(\n  File \"/tmp/m3d-resolve-venv/lib/python3.10/site-packages/torch/nn/modules/module.py\", line 1739, in _wrapped_call_impl\n    return self._call_impl(*args, **kwargs)\n  File \"/tmp/m3d-resolve-venv/lib/python3.10/site-packages/torch/nn/modules/module.py\", line 1750, in _call_impl\n    return forward_call(*args, **kwargs)\n  File \"/Users/jiacheng/Documents/GitHub/M3D_MODERN/src/m3d/model/segvol.py\", line 583, in forward\n    return self.decode_embeddings(\n  File \"/Users/jiacheng/Documents/GitHub/M3D_MODERN/src/m3d/model/segvol.py\", line 450, in decode_embeddings\n    decoder_output = self.mask_decoder(\n  File \"/tmp/m3d-resolve-venv/lib/python3.10/site-packages/torch/nn/modules/module.py\", line 1739, in _wrapped_call_impl\n    return self._call_impl(*args, **kwargs)\n  File \"/tmp/m3d-resolve-venv/lib/python3.10/site-packages/torch/nn/modules/module.py\", line 1750, in _call_impl\n    return forward_call(*args, **kwargs)\n  File \"/Users/jiacheng/Documents/GitHub/M3D_MODERN/src/m3d/model/segvol_mask_decoder.py\", line 325, in forward\n    all_masks, all_iou_predictions, upscaled_shape = self.predict_masks(\n  File \"/Users/jiacheng/Documents/GitHub/M3D_MODERN/src/m3d/model/segvol_mask_decoder.py\", line 386, in predict_masks\n    hidden_states, source_tokens = self.transformer(\n  File \"/tmp/m3d-resolve-venv/lib/python3.10/site-packages/torch/nn/modules/module.py\", line 1739, in _wrapped_call_impl\n    return self._call_impl(*args, **kwargs)\n  File \"/tmp/m3d-resolve-venv/lib/python3.10/site-packages/torch/nn/modules/module.py\", line 1750, in _call_impl\n    return forward_call(*args, **kwargs)\n  File \"/Users/jiacheng/Documents/GitHub/M3D_MODERN/src/m3d/model/segvol_transformer.py\", line 369, in forward\n    queries, keys = layer(\n  File \"/tmp/m3d-resolve-venv/lib/python3.10/site-packages/torch/nn/modules/module.py\", line 1739, in _wrapped_call_impl\n    return self._call_impl(*args, **kwargs)\n  File \"/tmp/m3d-resolve-venv/lib/python3.10/site-packages/torch/nn/modules/module.py\", line 1750, in _call_impl\n    return forward_call(*args, **kwargs)\n  File \"/Users/jiacheng/Documents/GitHub/M3D_MODERN/src/m3d/model/segvol_transformer.py\", line 201, in forward\n    _validate_token_inputs(\n  File \"/Users/jiacheng/Documents/GitHub/M3D_MODERN/src/m3d/model/segvol_transformer.py\", line 599, in _validate_token_inputs\n    raise SegVolTransformerExecutionError(\nm3d.model.segvol_transformer.SegVolTransformerExecutionError: keys uses torch.float32, expected torch.bfloat16.\n"
}

E0728 09:20:42.173000 16626 /private/tmp/m3d-resolve-venv/lib/python3.10/site-packages/torch/distributed/elastic/multiprocessing/api.py:869] failed (exitcode: 1) local_rank: 0 (pid: 16630) of binary: /tmp/m3d-resolve-venv/bin/python
Traceback (most recent call last):
  File "/Users/jiacheng/.pyenv/versions/3.10.15/lib/python3.10/runpy.py", line 196, in _run_module_as_main
    return _run_code(code, main_globals, None,
  File "/Users/jiacheng/.pyenv/versions/3.10.15/lib/python3.10/runpy.py", line 86, in _run_code
    exec(code, run_globals)
  File "/tmp/m3d-resolve-venv/lib/python3.10/site-packages/torch/distributed/run.py", line 922, in <module>
    main()
  File "/tmp/m3d-resolve-venv/lib/python3.10/site-packages/torch/distributed/elastic/multiprocessing/errors/__init__.py", line 355, in wrapper
    return f(*args, **kwargs)
  File "/tmp/m3d-resolve-venv/lib/python3.10/site-packages/torch/distributed/run.py", line 918, in main
    run(args)
  File "/tmp/m3d-resolve-venv/lib/python3.10/site-packages/torch/distributed/run.py", line 909, in run
    elastic_launch(
  File "/tmp/m3d-resolve-venv/lib/python3.10/site-packages/torch/distributed/launcher/api.py", line 138, in __call__
    return launch_agent(self._config, self._entrypoint, list(args))
  File "/tmp/m3d-resolve-venv/lib/python3.10/site-packages/torch/distributed/launcher/api.py", line 269, in launch_agent
    raise ChildFailedError(
torch.distributed.elastic.multiprocessing.errors.ChildFailedError: 
============================================================
/Users/jiacheng/Documents/GitHub/M3D_MODERN/scripts/03_aspire2a_integration.py FAILED
------------------------------------------------------------
Failures:
[1]:
  time      : 2026-07-28_09:20:42
  host      : 1.0.0.0.0.0.0.0.0.0.0.0.0.0.0.0.0.0.0.0.0.0.0.0.0.0.0.0.0.0.0.0.ip6.arpa
  rank      : 1 (local_rank: 1)
  exitcode  : 1 (pid: 16631)
  error_file: <N/A>
  traceback : To enable traceback see: https://pytorch.org/docs/stable/elastic/errors.html
------------------------------------------------------------
Root Cause (first observed failure):
[0]:
  time      : 2026-07-28_09:20:42
  host      : 1.0.0.0.0.0.0.0.0.0.0.0.0.0.0.0.0.0.0.0.0.0.0.0.0.0.0.0.0.0.0.0.ip6.arpa
  rank      : 0 (local_rank: 0)
  exitcode  : 1 (pid: 16630)
  error_file: <N/A>
  traceback : To enable traceback see: https://pytorch.org/docs/stable/elastic/errors.html
============================================================
